A51 MACRO ASSEMBLER  DSCR                                                                 05/17/2018 16:27:01 PAGE     1


MACRO ASSEMBLER A51 V8.02a
OBJECT MODULE PLACED IN dscr.OBJ
ASSEMBLER INVOKED BY: C:\Keil\C51\BIN\A51.EXE dscr.a51 SET(SMALL) DEBUG EP

LOC  OBJ            LINE     SOURCE

                       1     ;;-----------------------------------------------------------------------------
                       2     ;;   File:      dscr.a51
                       3     ;;   Contents:   This file contains descriptor data tables.  
                       4     ;;
                       5     ;;   Copyright (c) 1997 AnchorChips, Inc. All rights reserved
                       6     ;;-----------------------------------------------------------------------------
                       7        
  0001                 8     DSCR_DEVICE   equ   1   ;; Descriptor type: Device
  0002                 9     DSCR_CONFIG   equ   2   ;; Descriptor type: Configuration
  0003                10     DSCR_STRING   equ   3   ;; Descriptor type: String
  0004                11     DSCR_INTRFC   equ   4   ;; Descriptor type: Interface
  0005                12     DSCR_ENDPNT   equ   5   ;; Descriptor type: Endpoint
  0006                13     DSCR_DEVQUAL  equ   6   ;; Descriptor type: Device Qualifier
                      14     
  0012                15     DSCR_DEVICE_LEN   equ   18
  0009                16     DSCR_CONFIG_LEN   equ    9
  0009                17     DSCR_INTRFC_LEN   equ    9
  0007                18     DSCR_ENDPNT_LEN   equ    7
  000A                19     DSCR_DEVQUAL_LEN  equ   10
                      20     
  0000                21     ET_CONTROL   equ   0   ;; Endpoint type: Control
  0001                22     ET_ISO       equ   1   ;; Endpoint type: Isochronous
  0002                23     ET_BULK      equ   2   ;; Endpoint type: Bulk
  0003                24     ET_INT       equ   3   ;; Endpoint type: Interrupt
                      25     
                      26     public      DeviceDscr, DeviceQualDscr, HighSpeedConfigDscr, FullSpeedConfigDscr, StringDsc
                             r, UserDscr
                      27     
                      28     DSCR            SEGMENT   CODE PAGE
                      29     
                      30     ;;-----------------------------------------------------------------------------
                      31     ;; Global Variables
                      32     ;;-----------------------------------------------------------------------------
----                  33             rseg DSCR      ;; locate the descriptor table in on-part memory.
                      34     
0000                  35     DeviceDscr:   
0000 12               36                     db   DSCR_DEVICE_LEN      ;; Descriptor length
0001 01               37                     db   DSCR_DEVICE   ;; Decriptor type
0002 0002             38                     dw   0002H      ;; Specification Version (BCD)
0004 00               39                     db   00H        ;; Device class
0005 00               40                     db   00H         ;; Device sub-class
0006 00               41                     db   00H         ;; Device sub-sub-class
0007 40               42                     db   64         ;; Maximum packet size
0008 B404             43                     dw   0b404H      ;; Vendor ID
000A 8200             44                     dw   08200H      ;; Product ID (Sample Device)
000C 0000             45                     dw   0000H      ;; Product version ID
000E 01               46                     db   1         ;; Manufacturer string index
000F 02               47                     db   2         ;; Product string index
0010 00               48                     db   0         ;; Serial number string index
0011 01               49                     db   1         ;; Number of configurations
                      50     
0012                  51     DeviceQualDscr:
0012 0A               52                     db   DSCR_DEVQUAL_LEN   ;; Descriptor length
0013 06               53                     db   DSCR_DEVQUAL   ;; Decriptor type
0014 0002             54                     dw   0002H      ;; Specification Version (BCD)
0016 00               55                     db   00H        ;; Device class
0017 00               56                     db   00H         ;; Device sub-class
0018 00               57                     db   00H         ;; Device sub-sub-class
A51 MACRO ASSEMBLER  DSCR                                                                 05/17/2018 16:27:01 PAGE     2

0019 40               58                     db   64         ;; Maximum packet size
001A 01               59                     db   1         ;; Number of configurations
001B 00               60                     db   0         ;; Reserved
                      61     
001C                  62     HighSpeedConfigDscr:   
001C 09               63                     db   DSCR_CONFIG_LEN               ;; Descriptor length
001D 02               64                     db   DSCR_CONFIG                  ;; Descriptor type
001E 2E               65                     db   (HighSpeedConfigDscrEnd-HighSpeedConfigDscr) mod 256 ;; Total Length (
                             LSB)
001F 00               66                     db   (HighSpeedConfigDscrEnd-HighSpeedConfigDscr)  /  256 ;; Total Length (
                             MSB)
0020 01               67                     db   1      ;; Number of interfaces
0021 01               68                     db   1      ;; Configuration number
0022 00               69                     db   0      ;; Configuration string
0023 A0               70                     db   10100000b   ;; Attributes (b7 - buspwr, b6 - selfpwr, b5 - rwu)
0024 32               71                     db   50      ;; Power requirement (div 2 ma)
                      72     
                      73     ;; Interface Descriptor
0025 09               74                     db   DSCR_INTRFC_LEN      ;; Descriptor length
0026 04               75                     db   DSCR_INTRFC         ;; Descriptor type
0027 00               76                     db   0               ;; Zero-based index of this interface
0028 00               77                     db   0               ;; Alternate setting
0029 04               78                     db   4               ;; Number of end points 
002A FF               79                     db   0ffH            ;; Interface class
002B 00               80                     db   00H               ;; Interface sub class
002C 00               81                     db   00H               ;; Interface sub sub class
002D 00               82                     db   0               ;; Interface descriptor string index
                      83           
                      84     ;; Endpoint Descriptor
002E 07               85                     db   DSCR_ENDPNT_LEN      ;; Descriptor length
002F 05               86                     db   DSCR_ENDPNT         ;; Descriptor type
0030 02               87                     db   02H               ;; Endpoint number, and direction
0031 02               88                     db   ET_BULK            ;; Endpoint type
0032 00               89                     db   00H               ;; Maximun packet size (LSB)
0033 02               90                     db   02H               ;; Max packect size (MSB)
0034 00               91                     db   00H               ;; Polling interval
                      92     
                      93     ;; Endpoint Descriptor
0035 07               94                     db   DSCR_ENDPNT_LEN      ;; Descriptor length
0036 05               95                     db   DSCR_ENDPNT         ;; Descriptor type
0037 04               96                     db   04H               ;; Endpoint number, and direction
0038 02               97                     db   ET_BULK            ;; Endpoint type
0039 00               98                     db   00H               ;; Maximun packet size (LSB)
003A 02               99                     db   02H               ;; Max packect size (MSB)
003B 00              100                     db   00H               ;; Polling interval
                     101     
                     102     ;; Endpoint Descriptor
003C 07              103                     db   DSCR_ENDPNT_LEN      ;; Descriptor length
003D 05              104                     db   DSCR_ENDPNT         ;; Descriptor type
003E 86              105                     db   86H               ;; Endpoint number, and direction
003F 02              106                     db   ET_BULK            ;; Endpoint type
0040 00              107                     db   00H               ;; Maximun packet size (LSB)
0041 02              108                     db   02H               ;; Max packect size (MSB)
0042 00              109                     db   00H               ;; Polling interval
                     110                     
                     111     ;; Endpoint Descriptor
0043 07              112                     db   DSCR_ENDPNT_LEN      ;; Descriptor length
0044 05              113                     db   DSCR_ENDPNT         ;; Descriptor type
0045 88              114                     db   88H               ;; Endpoint number, and direction
0046 02              115                     db   ET_BULK            ;; Endpoint type
0047 00              116                     db   00H               ;; Maximun packet size (LSB)
0048 02              117                     db   02H               ;; Max packect size (MSB)
0049 00              118                     db   00H               ;; Polling interval
                     119     
004A                 120     HighSpeedConfigDscrEnd:   
                     121     
A51 MACRO ASSEMBLER  DSCR                                                                 05/17/2018 16:27:01 PAGE     3

004A                 122     FullSpeedConfigDscr:   
004A 09              123                     db   DSCR_CONFIG_LEN               ;; Descriptor length
004B 02              124                     db   DSCR_CONFIG                  ;; Descriptor type
004C 2E              125                     db   (FullSpeedConfigDscrEnd-FullSpeedConfigDscr) mod 256 ;; Total Length (
                             LSB)
004D 00              126                     db   (FullSpeedConfigDscrEnd-FullSpeedConfigDscr)  /  256 ;; Total Length (
                             MSB)
004E 01              127                     db   1      ;; Number of interfaces
004F 01              128                     db   1      ;; Configuration number
0050 00              129                     db   0      ;; Configuration string
0051 A0              130                     db   10100000b   ;; Attributes (b7 - buspwr, b6 - selfpwr, b5 - rwu)
0052 32              131                     db   50      ;; Power requirement (div 2 ma)
                     132     
                     133     ;; Interface Descriptor
0053 09              134                     db   DSCR_INTRFC_LEN      ;; Descriptor length
0054 04              135                     db   DSCR_INTRFC         ;; Descriptor type
0055 00              136                     db   0               ;; Zero-based index of this interface
0056 00              137                     db   0               ;; Alternate setting
0057 04              138                     db   4               ;; Number of end points 
0058 FF              139                     db   0ffH            ;; Interface class
0059 00              140                     db   00H               ;; Interface sub class
005A 00              141                     db   00H               ;; Interface sub sub class
005B 00              142                     db   0               ;; Interface descriptor string index
                     143           
                     144     ;; Endpoint Descriptor
005C 07              145                     db   DSCR_ENDPNT_LEN      ;; Descriptor length
005D 05              146                     db   DSCR_ENDPNT         ;; Descriptor type
005E 02              147                     db   02H               ;; Endpoint number, and direction
005F 02              148                     db   ET_BULK            ;; Endpoint type
0060 40              149                     db   40H               ;; Maximun packet size (LSB)
0061 00              150                     db   00H               ;; Max packect size (MSB)
0062 00              151                     db   00H               ;; Polling interval
                     152     
                     153     ;; Endpoint Descriptor
0063 07              154                     db   DSCR_ENDPNT_LEN      ;; Descriptor length
0064 05              155                     db   DSCR_ENDPNT         ;; Descriptor type
0065 04              156                     db   04H               ;; Endpoint number, and direction
0066 02              157                     db   ET_BULK            ;; Endpoint type
0067 40              158                     db   40H               ;; Maximun packet size (LSB)
0068 00              159                     db   00H               ;; Max packect size (MSB)
0069 00              160                     db   00H               ;; Polling interval
                     161     
                     162     ;; Endpoint Descriptor
006A 07              163                     db   DSCR_ENDPNT_LEN      ;; Descriptor length
006B 05              164                     db   DSCR_ENDPNT         ;; Descriptor type
006C 86              165                     db   86H               ;; Endpoint number, and direction
006D 02              166                     db   ET_BULK            ;; Endpoint type
006E 40              167                     db   40H               ;; Maximun packet size (LSB)
006F 00              168                     db   00H               ;; Max packect size (MSB)
0070 00              169                     db   00H               ;; Polling interval
                     170     
                     171     ;; Endpoint Descriptor
0071 07              172                     db   DSCR_ENDPNT_LEN      ;; Descriptor length
0072 05              173                     db   DSCR_ENDPNT         ;; Descriptor type
0073 88              174                     db   88H               ;; Endpoint number, and direction
0074 02              175                     db   ET_BULK            ;; Endpoint type
0075 40              176                     db   40H               ;; Maximun packet size (LSB)
0076 00              177                     db   00H               ;; Max packect size (MSB)
0077 00              178                     db   00H               ;; Polling interval
                     179     
0078                 180     FullSpeedConfigDscrEnd:   
                     181     
0078                 182     StringDscr:
                     183     
0078                 184     StringDscr0:   
0078 04              185                     db   StringDscr0End-StringDscr0      ;; String descriptor length
A51 MACRO ASSEMBLER  DSCR                                                                 05/17/2018 16:27:01 PAGE     4

0079 03              186                     db   DSCR_STRING
007A 0904            187                     db   09H,04H
007C                 188     StringDscr0End:
                     189     
007C                 190     StringDscr1:   
007C 12              191                     db   StringDscr1End-StringDscr1      ;; String descriptor length
007D 03              192                     db   DSCR_STRING
007E 4100            193                     db   'A',00
0080 4E00            194                     db   'N',00
0082 5400            195                     db   'T',00
0084 4500            196                     db   'E',00
0086 4C00            197                     db   'L',00
0088 4100            198                     db   'A',00
008A 4E00            199                     db   'N',00
008C 4400            200                     db   'D',00
008E                 201     StringDscr1End:
                     202     
008E                 203     StringDscr2:   
008E 1A              204                     db   StringDscr2End-StringDscr2      ;; Descriptor length
008F 03              205                     db   DSCR_STRING
0090 4100            206                     db   'A',00
0092 4E00            207                     db   'N',00
0094 5400            208                     db   'T',00
0096 4500            209                     db   'E',00
0098 4C00            210                     db   'L',00
009A 4100            211                     db   'A',00
009C 4E00            212                     db   'N',00
009E 4400            213                     db   'D',00
00A0 2000            214                     db   ' ',00
00A2 4300            215                     db   'C',00
00A4 5400            216                     db   'T',00
00A6 5300            217                     db   'S',00
00A8                 218     StringDscr2End:
                     219     
00A8                 220     UserDscr:      
00A8 0000            221                     dw   0000H
                     222     
                     223                     end
A51 MACRO ASSEMBLER  DSCR                                                                 05/17/2018 16:27:01 PAGE     5

SYMBOL TABLE LISTING
------ ----- -------


N A M E                 T Y P E  V A L U E   ATTRIBUTES

DEVICEDSCR . . . . . .  C ADDR   0000H   R   SEG=DSCR
DEVICEQUALDSCR . . . .  C ADDR   0012H   R   SEG=DSCR
DSCR . . . . . . . . .  C SEG    00AAH       REL=PAGE
DSCR_CONFIG. . . . . .  N NUMB   0002H   A   
DSCR_CONFIG_LEN. . . .  N NUMB   0009H   A   
DSCR_DEVICE. . . . . .  N NUMB   0001H   A   
DSCR_DEVICE_LEN. . . .  N NUMB   0012H   A   
DSCR_DEVQUAL . . . . .  N NUMB   0006H   A   
DSCR_DEVQUAL_LEN . . .  N NUMB   000AH   A   
DSCR_ENDPNT. . . . . .  N NUMB   0005H   A   
DSCR_ENDPNT_LEN. . . .  N NUMB   0007H   A   
DSCR_INTRFC. . . . . .  N NUMB   0004H   A   
DSCR_INTRFC_LEN. . . .  N NUMB   0009H   A   
DSCR_STRING. . . . . .  N NUMB   0003H   A   
ET_BULK. . . . . . . .  N NUMB   0002H   A   
ET_CONTROL . . . . . .  N NUMB   0000H   A   
ET_INT . . . . . . . .  N NUMB   0003H   A   
ET_ISO . . . . . . . .  N NUMB   0001H   A   
FULLSPEEDCONFIGDSCR. .  C ADDR   004AH   R   SEG=DSCR
FULLSPEEDCONFIGDSCREND  C ADDR   0078H   R   SEG=DSCR
HIGHSPEEDCONFIGDSCR. .  C ADDR   001CH   R   SEG=DSCR
HIGHSPEEDCONFIGDSCREND  C ADDR   004AH   R   SEG=DSCR
STRINGDSCR . . . . . .  C ADDR   0078H   R   SEG=DSCR
STRINGDSCR0. . . . . .  C ADDR   0078H   R   SEG=DSCR
STRINGDSCR0END . . . .  C ADDR   007CH   R   SEG=DSCR
STRINGDSCR1. . . . . .  C ADDR   007CH   R   SEG=DSCR
STRINGDSCR1END . . . .  C ADDR   008EH   R   SEG=DSCR
STRINGDSCR2. . . . . .  C ADDR   008EH   R   SEG=DSCR
STRINGDSCR2END . . . .  C ADDR   00A8H   R   SEG=DSCR
USERDSCR . . . . . . .  C ADDR   00A8H   R   SEG=DSCR


REGISTER BANK(S) USED: 0 


ASSEMBLY COMPLETE.  0 WARNING(S), 0 ERROR(S)
